TAP version 13
1..2
ok 1 - some example tests/passes
not ok 2 - some example tests/fails
# this was doomed
